==================================================
Date:    2026-03-08T10:32:42.084Z
Name:    William Clay Cauley
Email:   clay.cauley87@gmail.com
Score:   0.9

Message:
Test
==================================================

==================================================
Date:    2026-03-08T10:37:45.254Z
Name:    William Clay Cauley
Email:   clay.cauley87@gmail.com
Score:   0.9

Message:
This is a test
==================================================

==================================================
Date:    2026-03-08T10:38:12.793Z
Name:    William Clay Cauley
Email:   clay.cauley87@gmail.com
Score:   0.9

Message:
Testting the success message
==================================================

==================================================
Date:    2026-03-08T10:39:04.027Z
Name:    William Clay Cauley
Email:   clay.cauley87@gmail.com
Score:   0.9

Message:
Test
==================================================

==================================================
Date:    2026-03-08T10:39:58.388Z
Name:    William Clay Cauley
Email:   clay.cauley87@gmail.com
Score:   0.9

Message:
Another Test
==================================================

==================================================
Date:    2026-03-08T10:40:16.361Z
Name:    William Clay Cauley
Email:   clay.cauley87@gmail.com
Score:   0.9

Message:
Test #1
==================================================

==================================================
Date:    2026-03-08T10:42:03.231Z
Name:    William Clay Cauley
Email:   clay.cauley87@gmail.com
Score:   0.9

Message:
Test #2
==================================================

==================================================
Date:    2026-03-08T10:44:59.593Z
Name:    William Clay Cauley
Email:   clay.cauley87@gmail.com
Score:   0.9

Message:
Test #3
==================================================

==================================================
Date:    2026-03-08T10:47:29.950Z
Name:    William Clay Cauley
Email:   clay.cauley87@gmail.com
Score:   0.9

Message:
Test #4
==================================================

==================================================
Date:    2026-03-08T10:59:33.188Z
Name:    William Clay Cauley
Email:   clay.cauley87@gmail.com
Score:   0.9

Message:
Test #5
==================================================

==================================================
Date:    2026-03-08T11:13:59.330Z
Name:    William Clay Cauley
Email:   clay.cauley87@gmail.com
Score:   0.9

Message:
Test #6
==================================================

==================================================
Date:    2026-03-08T16:31:06.607Z
Name:    William Clay Cauley
Email:   clay.cauley87@gmail.com
Score:   0.9

Message:
Test #7
==================================================

==================================================
Date:    2026-03-08T17:34:00.062Z
Name:    William Clay Cauley
Email:   clay.cauley87@gmail.com
Score:   0.9

Message:
Test #8
==================================================

==================================================
Date:    2026-03-08T17:38:04.994Z
Name:    Clay Cauley Clay Cauley
Email:   clay.cauley87@gmail.com
Score:   0.9

Message:
Test #9
==================================================

==================================================
Date:    2026-03-08T17:49:07.917Z
Name:    William Clay Cauley
Email:   clay.cauley87@gmail.com
Score:   0.9

Message:
Test #10
==================================================

==================================================
Date:    2026-03-08T17:54:31.432Z
Name:    William Clay Cauley
Email:   clay.cauley87@gmail.com
Score:   0.9

Message:
Test #11
==================================================

